// Jest Snapshot v1, https://goo.gl/fbAQLP

exports[`Anime class getters for all properties 1`] = `"1"`;

exports[`Anime class getters for all properties 2`] = `"13"`;

exports[`Anime class getters for all properties 3`] = `"13"`;

exports[`Anime class getters for all properties 4`] = `"3"`;

exports[`Anime class getters for all properties 5`] = `"817"`;

exports[`Anime class getters for all properties 6`] = `"4526"`;

exports[`Anime class getters for all properties 7`] = `"822"`;

exports[`Anime class getters for all properties 8`] = `"4556"`;

exports[`Anime class getters for all properties 9`] = `"870"`;

exports[`Anime class getters for all properties 10`] = `"12"`;

exports[`Anime class getters for all properties 11`] = `"1999-1999"`;

exports[`Anime class getters for all properties 12`] = `"TV Series"`;

exports[`Anime class getters for all properties 13`] = `"Seikai no Monshou"`;

exports[`Anime class getters for all properties 14`] = `"?????"`;

exports[`Anime class getters for all properties 15`] = `"Crest of the Stars"`;

exports[`Anime class getters for all properties 16`] = `"?????'Crest of the Stars"`;

exports[`Anime class getters for all properties 17`] = `"CotS'SnM"`;

exports[`Anime class getters for all properties 18`] = `"Hv?zdn? erb'?????"`;

exports[`Anime class getters for all properties 19`] = `"Space,Plot Continuity,Future,Space Travel,Sci-Fi,Other Planet,Action,Genetic Modification,Novel,War,Shipboard,Slow When It Comes to Love,Military,Romance,Human Enhancement,Large Breasts,Gunfights,Adventure,Nudity,Small Breasts"`;
