// Jest Snapshot v1, https://goo.gl/fbAQLP

exports[`AniDB gets anime from anidb 1`] = `"1"`;

exports[`AniDB gets anime from anidb 2`] = `"13"`;

exports[`AniDB gets anime from anidb 3`] = `"13"`;

exports[`AniDB gets anime from anidb 4`] = `"3"`;

exports[`AniDB gets anime from anidb 5`] = `"816"`;

exports[`AniDB gets anime from anidb 6`] = `"4527"`;

exports[`AniDB gets anime from anidb 7`] = `"822"`;

exports[`AniDB gets anime from anidb 8`] = `"4557"`;

exports[`AniDB gets anime from anidb 9`] = `"870"`;

exports[`AniDB gets anime from anidb 10`] = `"12"`;

exports[`AniDB gets anime from anidb 11`] = `"1999-1999"`;

exports[`AniDB gets anime from anidb 12`] = `"TV Series"`;

exports[`AniDB gets anime from anidb 13`] = `"Seikai no Monshou"`;

exports[`AniDB gets anime from anidb 14`] = `"?????"`;

exports[`AniDB gets anime from anidb 15`] = `"Crest of the Stars"`;

exports[`AniDB gets anime from anidb 16`] = `"?????'Crest of the Stars"`;

exports[`AniDB gets anime from anidb 17`] = `"CotS'SnM"`;

exports[`AniDB gets anime from anidb 18`] = `"Hv?zdn? erb'?????"`;

exports[`AniDB gets anime from anidb 19`] = `"Space,Plot Continuity,Future,Space Travel,Sci-Fi,Other Planet,Action,Genetic Modification,Novel,War,Shipboard,Slow When It Comes to Love,Military,Romance,Human Enhancement,Large Breasts,Gunfights,Adventure,Nudity,Small Breasts"`;

exports[`AniDB pings AniDB server 1`] = `
"300 PONG
"
`;
